// Jest Snapshot v1, https://goo.gl/fbAQLP

exports[`snapshot 1`] = `
<div
  class="sc-ifAKCX hyrIVx sc-bxivhb glCqXO"
>
  <div
    class="sc-bZQynM iEfYBC sc-htpNat cixthU"
  >
    <h3>
      header text
    </h3>
  </div>
  <div
    class="sc-EHOje gGXDvz sc-bxivhb glCqXO"
  />
</div>
`;
